libbpf: elf: failed to find symbol 'EVP_PKEY_CTX_new_from_name' in '/usr/lib/x86_64-linux-gnu/libcrypto.so.1.1'
attach: EVP_PKEY_CTX_new_from_name@/usr/lib/x86_64-linux-gnu/libcrypto.so.1.1 skipped (No such file or directory)
libbpf: elf: failed to find symbol 'EVP_PKEY_CTX_new_from_name' in '/usr/lib/x86_64-linux-gnu/libcrypto.so.1.1'
attach: EVP_PKEY_CTX_new_from_name@/usr/lib/x86_64-linux-gnu/libcrypto.so.1.1 skipped (No such file or directory)
libbpf: elf: failed to find symbol 'EVP_PKEY_CTX_new_from_pkey' in '/usr/lib/x86_64-linux-gnu/libcrypto.so.1.1'
attach: EVP_PKEY_CTX_new_from_pkey@/usr/lib/x86_64-linux-gnu/libcrypto.so.1.1 skipped (No such file or directory)
libbpf: elf: failed to find symbol 'EVP_PKEY_CTX_new_from_pkey' in '/usr/lib/x86_64-linux-gnu/libcrypto.so.1.1'
attach: EVP_PKEY_CTX_new_from_pkey@/usr/lib/x86_64-linux-gnu/libcrypto.so.1.1 skipped (No such file or directory)
libbpf: elf: failed to find symbol 'EVP_PKEY_generate' in '/usr/lib/x86_64-linux-gnu/libcrypto.so.1.1'
attach: EVP_PKEY_generate@/usr/lib/x86_64-linux-gnu/libcrypto.so.1.1 skipped (No such file or directory)
libbpf: elf: failed to find symbol 'EVP_PKEY_generate' in '/usr/lib/x86_64-linux-gnu/libcrypto.so.1.1'
attach: EVP_PKEY_generate@/usr/lib/x86_64-linux-gnu/libcrypto.so.1.1 skipped (No such file or directory)
libbpf: elf: failed to find symbol 'EVP_PKEY_fromdata' in '/usr/lib/x86_64-linux-gnu/libcrypto.so.1.1'
attach: EVP_PKEY_fromdata@/usr/lib/x86_64-linux-gnu/libcrypto.so.1.1 skipped (No such file or directory)
libbpf: elf: failed to find symbol 'EVP_PKEY_fromdata' in '/usr/lib/x86_64-linux-gnu/libcrypto.so.1.1'
attach: EVP_PKEY_fromdata@/usr/lib/x86_64-linux-gnu/libcrypto.so.1.1 skipped (No such file or directory)
libbpf: elf: failed to find symbol 'EVP_PKEY_new_raw_public_key_ex' in '/usr/lib/x86_64-linux-gnu/libcrypto.so.1.1'
attach: EVP_PKEY_new_raw_public_key_ex@/usr/lib/x86_64-linux-gnu/libcrypto.so.1.1 skipped (No such file or directory)
libbpf: elf: failed to find symbol 'EVP_PKEY_new_raw_public_key_ex' in '/usr/lib/x86_64-linux-gnu/libcrypto.so.1.1'
attach: EVP_PKEY_new_raw_public_key_ex@/usr/lib/x86_64-linux-gnu/libcrypto.so.1.1 skipped (No such file or directory)
libbpf: elf: failed to find symbol 'EVP_PKEY_new_raw_private_key_ex' in '/usr/lib/x86_64-linux-gnu/libcrypto.so.1.1'
attach: EVP_PKEY_new_raw_private_key_ex@/usr/lib/x86_64-linux-gnu/libcrypto.so.1.1 skipped (No such file or directory)
libbpf: elf: failed to find symbol 'EVP_PKEY_new_raw_private_key_ex' in '/usr/lib/x86_64-linux-gnu/libcrypto.so.1.1'
attach: EVP_PKEY_new_raw_private_key_ex@/usr/lib/x86_64-linux-gnu/libcrypto.so.1.1 skipped (No such file or directory)
libbpf: elf: failed to find symbol 'EVP_PKEY_encapsulate' in '/usr/lib/x86_64-linux-gnu/libcrypto.so.1.1'
attach: EVP_PKEY_encapsulate@/usr/lib/x86_64-linux-gnu/libcrypto.so.1.1 skipped (No such file or directory)
libbpf: elf: failed to find symbol 'EVP_PKEY_decapsulate' in '/usr/lib/x86_64-linux-gnu/libcrypto.so.1.1'
attach: EVP_PKEY_decapsulate@/usr/lib/x86_64-linux-gnu/libcrypto.so.1.1 skipped (No such file or directory)
libbpf: elf: failed to find symbol 'RAND_bytes_ex' in '/usr/lib/x86_64-linux-gnu/libcrypto.so.1.1'
attach: RAND_bytes_ex@/usr/lib/x86_64-linux-gnu/libcrypto.so.1.1 skipped (No such file or directory)
libbpf: elf: failed to find symbol 'RAND_priv_bytes_ex' in '/usr/lib/x86_64-linux-gnu/libcrypto.so.1.1'
attach: RAND_priv_bytes_ex@/usr/lib/x86_64-linux-gnu/libcrypto.so.1.1 skipped (No such file or directory)
monitor ready
