=== Full Benchmark Suite (longrun=3600s) ===
done.
longrun_seconds=3600
make: Nothing to be done for 'all'.
Build complete: /work/build/crypto-monitor
=== Running 4 tuning rounds ===

=== Tuning round: round1_baseline ===
  latency...
  overhead...
  throughput...
  scalability...

=== Tuning round: round2_fast_poll ===
  latency...
  overhead...
  throughput...
  scalability...

=== Tuning round: round3_aggressive_poll ===
  latency...
  overhead...
  throughput...
  scalability...

=== Tuning round: round4_minimal_output ===
  latency...
  overhead...
  throughput...
  scalability...
  longrun (3600s)...

Wrote /work/results/processed/tuning_comparison.json
=== Generating plots ===
Wrote /work/results/plots/fig4_overhead.png/.pdf
Wrote /work/results/plots/fig5_latency_cdf.png/.pdf
Wrote /work/results/plots/fig6_scalability.png/.pdf
Wrote /work/results/plots/fig7_throughput.png/.pdf
Wrote /work/results/plots/fig9_longrun.png/.pdf
Wrote /work/results/plots/fig10_tuning_comparison.png/.pdf
=== Generating paper draft ===
Wrote /work/paper/paper_draft.md (4111 bytes)
=== Done ===
Results: <repo-root>/results/
Paper:   <repo-root>/paper/paper_draft.md
Plots:   <repo-root>/results/plots/
