[RUN] curl-https (filter=curl) ...
  crypto=4 random=9 contam=0 correlated=True -> PASS
[RUN] wget-https (filter=wget) ...
  crypto=11 random=7 contam=0 correlated=True -> PASS
[RUN] ssh-version (filter=ssh) ...
  crypto=0 random=1 contam=0 correlated=False -> PASS
[RUN] md5sum (filter=md5sum) ...
  crypto=0 random=0 contam=0 correlated=False -> PASS
[RUN] tpm2-getrandom (filter=tpm2_getrandom) ...
  crypto=0 random=2 contam=0 correlated=False -> PASS
[RUN] tpm2-createprimary-rsa (filter=tpm2_createprim) ...
  crypto=4 random=2 contam=0 correlated=True -> PASS
[RUN] qed-tpm2-getrandom (filter=tpm2_getrandom) ...
  crypto=0 random=2 contam=0 correlated=False -> PASS
[RUN] qed-tpm2-createprimary (filter=tpm2_createprim) ...
  crypto=4 random=2 contam=0 correlated=True -> PASS
[RUN] qed-synthetic-rsa (filter=openssl3.3-rsa) ...
  crypto=3 random=2 contam=0 correlated=True -> PASS

Wrote /work/results/qed-realworld/comparison.md
Wrote /work/results/qed-realworld/RANDOMNESS.md
