=== QED Real-World Application Tests ===
QED repo: <qed-repo>
done.
libssl1.1 not in repo, trying manual fetch
Selecting previously unselected package libssl1.1:amd64.
(Reading database ... 17866 files and directories currently installed.)
Preparing to unpack /tmp/libssl.deb ...
Unpacking libssl1.1:amd64 (1.1.1f-1ubuntu2) ...
Setting up libssl1.1:amd64 (1.1.1f-1ubuntu2) ...
Processing triggers for libc-bin (2.39-0ubuntu8.8) ...
-rwxrwxr-x 1 ubuntu ubuntu 502000 Aug 29 03:08 /work/build/crypto-monitor
[RUN] curl-https (filter=curl) ...
  monitor ready after 0.1 s
  crypto=4 random=12 contam=0 correlated=True -> PASS
[RUN] wget-https (filter=wget) ...
  monitor ready after 0.1 s
  crypto=11 random=9 contam=0 correlated=True -> PASS
[RUN] ssh-version (filter=ssh) ...
  monitor ready after 0.2 s
  crypto=0 random=3 contam=0 correlated=False -> PASS
[RUN] md5sum (filter=md5sum) ...
  monitor ready after 61.0 s
  crypto=0 random=1 contam=2 correlated=False -> FAIL
[RUN] tpm2-getrandom (filter=tpm2_getrandom) ...
  monitor ready after 0.9 s
  crypto=0 random=4 contam=0 correlated=False -> PASS
[RUN] tpm2-createprimary-rsa (filter=tpm2_createprim) ...
  monitor ready after 0.2 s
  crypto=4 random=6 contam=0 correlated=True -> PASS
[RUN] qed-tpm2-getrandom (filter=tpm2_getrandom) ...
  monitor ready after 0.1 s
  crypto=0 random=3 contam=0 correlated=False -> PASS
[RUN] qed-tpm2-createprimary (filter=tpm2_createprim) ...
  monitor ready after 0.2 s
  crypto=4 random=5 contam=0 correlated=True -> PASS
[RUN] qed-synthetic-rsa (filter=openssl3.3-rsa) ...
  monitor ready after 66.8 s
  crypto=3 random=6 contam=2 correlated=True -> PASS

Wrote /work/results/qed-realworld/comparison.md
Wrote /work/results/qed-realworld/RANDOMNESS.md
[+] positive openssl RSA keygen
  monitor ready after 0.4 s
[+] positive liboqs ML-KEM
  monitor ready after 0.2 s
[-] negative getrandom-only
  monitor ready after 43.2 s
[-] negative /dev/urandom
  monitor ready after 0.1 s
[-] negative uuid
  monitor ready after 0.2 s
# Randomness detector evaluation

| Detector | Precision | Recall | F1 | FP | FN |
|---|---:|---:|---:|---:|---:|
| D_random (random alone) | 0.40 | 1.00 | 0.57 | 3 | 0 |
| D_api (crypto API) | 1.00 | 1.00 | 1.00 | 0 | 0 |
| D_corr (API + random correlation) | 1.00 | 1.00 | 1.00 | 0 | 0 |

## Per-case

| Case | Label | D_random | D_api | D_corr | APIs |
|---|---|---|---|---|---|
| pos_rsa | crypto | True | True | True | EVP_PKEY_keygen, RAND_priv_bytes_ex, getrandom |
| pos_mlkem | crypto | True | True | True | OQS_KEM_decaps, OQS_KEM_encaps, OQS_KEM_keypair, RAND_bytes, RAND_bytes_ex, getrandom |
| neg_getrandom | random_only | True | False | False | getrandom |
| neg_urandom | random_only | True | False | False | getrandom |
| neg_uuid | random_only | True | False | False | getrandom |

## Interpretation
- **D_random alone is NOT a valid crypto detector** — negatives that call getrandom become FPs.
- **D_api** is the primary detector.
- **D_corr** raises confidence when randomness precedes a crypto API; it does not invent detections.

Results: <repo-root>/results/qed-realworld/
Randomness eval: <repo-root>/results/randomness-eval/
